exports[`<ContentItem /> Snapshot Test 1`] = `
<div
  className="card"
  style={
    Object {
      "margin": "10px",
    }
  }>
  <div
    className="card-block">
    <h4
      className="card-title">
      test title
    </h4>
    <h6
      className="card-subtitle mb-2 text-muted">
      Mon Feb 01 2010
    </h6>
    <p
      className="card-text">
      test text
    </p>
    <a
      className="card-link"
      href="http://test.com"
      rel="noopener noreferrer"
      target="_blank">
      http://test.com
    </a>
  </div>
</div>
`;
